// Jest Snapshot v1, https://goo.gl/fbAQLP

exports[`renderea correactamente 1`] = `
"<div>
                <h1>John</h1>
                <h2>30</h2>
            </div>"
`;
